  Determining projects to restore...
  All projects are up-to-date for restore.
C:\Users\Yeasin\Desktop\cSharp\cSharpBasic\Program.cs(7,21): error CS0017: Program has more than one entry point defined. Compile with /main to specify the type that contains the entry point. [C:\Users\Yeasin\Desktop\cSharp\cSharpBasic\cSharpBasic.csproj]
C:\Users\Yeasin\Desktop\cSharp\cSharpBasic\exceptionHandling.cs(44,30): warning CS0168: The variable 'e' is declared but never used [C:\Users\Yeasin\Desktop\cSharp\cSharpBasic\cSharpBasic.csproj]
C:\Users\Yeasin\Desktop\cSharp\cSharpBasic\nullableTypes.cs(36,27): warning CS8600: Converting null literal or possible null value to non-nullable type. [C:\Users\Yeasin\Desktop\cSharp\cSharpBasic\cSharpBasic.csproj]
C:\Users\Yeasin\Desktop\cSharp\cSharpBasic\nullableTypes.cs(42,30): warning CS8600: Converting null literal or possible null value to non-nullable type. [C:\Users\Yeasin\Desktop\cSharp\cSharpBasic\cSharpBasic.csproj]
C:\Users\Yeasin\Desktop\cSharp\cSharpBasic\events.cs(37,41): warning CS8618: Non-nullable event 'ProcessCompleted' must contain a non-null value when exiting constructor. Consider adding the 'required' modifier or declaring the event as nullable. [C:\Users\Yeasin\Desktop\cSharp\cSharpBasic\cSharpBasic.csproj]
C:\Users\Yeasin\Desktop\cSharp\cSharpBasic\delegates.cs(39,13): warning CS8601: Possible null reference assignment. [C:\Users\Yeasin\Desktop\cSharp\cSharpBasic\cSharpBasic.csproj]
C:\Users\Yeasin\Desktop\cSharp\cSharpBasic\delegates.cs(41,13): warning CS8602: Dereference of a possibly null reference. [C:\Users\Yeasin\Desktop\cSharp\cSharpBasic\cSharpBasic.csproj]
C:\Users\Yeasin\Desktop\cSharp\cSharpBasic\Program.cs(22,53): error CS0117: 'VariableTypes' does not contain a definition for 'Run' [C:\Users\Yeasin\Desktop\cSharp\cSharpBasic\cSharpBasic.csproj]
C:\Users\Yeasin\Desktop\cSharp\cSharpBasic\variableTypes.cs(49,17): warning CS0219: The variable 'inferredString' is assigned but its value is never used [C:\Users\Yeasin\Desktop\cSharp\cSharpBasic\cSharpBasic.csproj]
C:\Users\Yeasin\Desktop\cSharp\cSharpBasic\linqExample.cs(58,31): warning CS8600: Converting null literal or possible null value to non-nullable type. [C:\Users\Yeasin\Desktop\cSharp\cSharpBasic\cSharpBasic.csproj]

Build FAILED.

C:\Users\Yeasin\Desktop\cSharp\cSharpBasic\exceptionHandling.cs(44,30): warning CS0168: The variable 'e' is declared but never used [C:\Users\Yeasin\Desktop\cSharp\cSharpBasic\cSharpBasic.csproj]
C:\Users\Yeasin\Desktop\cSharp\cSharpBasic\nullableTypes.cs(36,27): warning CS8600: Converting null literal or possible null value to non-nullable type. [C:\Users\Yeasin\Desktop\cSharp\cSharpBasic\cSharpBasic.csproj]
C:\Users\Yeasin\Desktop\cSharp\cSharpBasic\nullableTypes.cs(42,30): warning CS8600: Converting null literal or possible null value to non-nullable type. [C:\Users\Yeasin\Desktop\cSharp\cSharpBasic\cSharpBasic.csproj]
C:\Users\Yeasin\Desktop\cSharp\cSharpBasic\events.cs(37,41): warning CS8618: Non-nullable event 'ProcessCompleted' must contain a non-null value when exiting constructor. Consider adding the 'required' modifier or declaring the event as nullable. [C:\Users\Yeasin\Desktop\cSharp\cSharpBasic\cSharpBasic.csproj]
C:\Users\Yeasin\Desktop\cSharp\cSharpBasic\delegates.cs(39,13): warning CS8601: Possible null reference assignment. [C:\Users\Yeasin\Desktop\cSharp\cSharpBasic\cSharpBasic.csproj]
C:\Users\Yeasin\Desktop\cSharp\cSharpBasic\delegates.cs(41,13): warning CS8602: Dereference of a possibly null reference. [C:\Users\Yeasin\Desktop\cSharp\cSharpBasic\cSharpBasic.csproj]
C:\Users\Yeasin\Desktop\cSharp\cSharpBasic\variableTypes.cs(49,17): warning CS0219: The variable 'inferredString' is assigned but its value is never used [C:\Users\Yeasin\Desktop\cSharp\cSharpBasic\cSharpBasic.csproj]
C:\Users\Yeasin\Desktop\cSharp\cSharpBasic\linqExample.cs(58,31): warning CS8600: Converting null literal or possible null value to non-nullable type. [C:\Users\Yeasin\Desktop\cSharp\cSharpBasic\cSharpBasic.csproj]
C:\Users\Yeasin\Desktop\cSharp\cSharpBasic\Program.cs(7,21): error CS0017: Program has more than one entry point defined. Compile with /main to specify the type that contains the entry point. [C:\Users\Yeasin\Desktop\cSharp\cSharpBasic\cSharpBasic.csproj]
C:\Users\Yeasin\Desktop\cSharp\cSharpBasic\Program.cs(22,53): error CS0117: 'VariableTypes' does not contain a definition for 'Run' [C:\Users\Yeasin\Desktop\cSharp\cSharpBasic\cSharpBasic.csproj]
    8 Warning(s)
    2 Error(s)

Time Elapsed 00:00:00.72
